10:14:14 **** Build of configuration Debug for project single_led ****
make -j28 all 
arm-none-eabi-gcc "../Core/Src/main.c" -mcpu=cortex-m4 -std=gnu11 -g3 -DDEBUG -DUSE_HAL_DRIVER -DSTM32F407xx -c -I../Core/Inc -I../Drivers/STM32F4xx_HAL_Driver/Inc -I../Drivers/STM32F4xx_HAL_Driver/Inc/Legacy -I../Drivers/CMSIS/Device/ST/STM32F4xx/Include -I../Drivers/CMSIS/Include -O0 -ffunction-sections -fdata-sections -Wall -fstack-usage -fcyclomatic-complexity -MMD -MP -MF"Core/Src/main.d" -MT"Core/Src/main.o" --specs=nano.specs -mfpu=fpv4-sp-d16 -mfloat-abi=hard -mthumb -o "Core/Src/main.o"
arm-none-eabi-gcc -o "single_led.elf" @"objects.list"   -mcpu=cortex-m4 -T"C:\Users\sakshi\Desktop\internshipdata\ARM_94095_sakshi\assignment6\single_led\STM32F407VGTX_FLASH.ld" --specs=nosys.specs -Wl,-Map="single_led.map" -Wl,--gc-sections -static --specs=nano.specs -mfpu=fpv4-sp-d16 -mfloat-abi=hard -mthumb -Wl,--start-group -lc -lm -Wl,--end-group
Finished building target: single_led.elf
 
arm-none-eabi-size  single_led.elf 
arm-none-eabi-objdump -h -S single_led.elf  > "single_led.list"
   text	   data	    bss	    dec	    hex	filename
   6016	     12	   1572	   7600	   1db0	single_led.elf
Finished building: default.size.stdout
 
Finished building: single_led.list
 

10:14:15 Build Finished. 0 errors, 0 warnings. (took 826ms)

